=== TRAIN (60 features) ===
pairs 6532076   positives 393242 (6.02%)   entities 120000   features 60
[200]	va's average_precision: 0.998315
[400]	va's average_precision: 0.998502
[600]	va's average_precision: 0.998558
[800]	va's average_precision: 0.998572
  fold 0: best_iter=903  AP=0.99858  AUC=0.99991
[200]	va's average_precision: 0.99835
[400]	va's average_precision: 0.998507
[600]	va's average_precision: 0.998553
  fold 1: best_iter=694  AP=0.99856  AUC=0.99990
[200]	va's average_precision: 0.998423
[400]	va's average_precision: 0.998555
[600]	va's average_precision: 0.99858
  fold 2: best_iter=687  AP=0.99859  AUC=0.99991
[200]	va's average_precision: 0.9983
[400]	va's average_precision: 0.998466
[600]	va's average_precision: 0.998526
[800]	va's average_precision: 0.998552
[1000]	va's average_precision: 0.998568
  fold 3: best_iter=958  AP=0.99857  AUC=0.99991

OOF  AP=0.99857  AUC=0.99991
training final model on all data for 1013 rounds
saved E:\ml hackathon\student_resource\work\matcher_lgb.txt
saved E:\ml hackathon\student_resource\work\matcher_calib.pkl (isotonic on out-of-fold predictions)

calibration check (OOF):
  bin  0  raw=0.0000  calibrated=0.0000  actual=0.0000  n=653208
  bin  1  raw=0.0000  calibrated=0.0000  actual=0.0000  n=653208
  bin  2  raw=0.0000  calibrated=0.0000  actual=0.0000  n=653208
  bin  3  raw=0.0000  calibrated=0.0000  actual=0.0000  n=653208
  bin  4  raw=0.0000  calibrated=0.0000  actual=0.0000  n=653208
  bin  5  raw=0.0000  calibrated=0.0000  actual=0.0000  n=653208
  bin  6  raw=0.0000  calibrated=0.0000  actual=0.0000  n=653207
  bin  7  raw=0.0000  calibrated=0.0000  actual=0.0000  n=653208
  bin  8  raw=0.0000  calibrated=0.0000  actual=0.0000  n=653208
  bin  9  raw=0.6016  calibrated=0.6020  actual=0.6020  n=653208

top features by gain:
  s0_rank             9562334
  s0_r_best           3541926
  s0                  1454257
  a_contain           1271653
  s0_rank_src          701419
  at_rank              622019
  n_partial            363874
  s0_z                 345796
  dig_conflict         257723
  n_lev                256469
  a_tokset             230044
  n_ntok_p             193995
  legal_state          136590
  a_3gram              127731
  streetnum_conflict       117445
  a_jacc               113849
  p_name_rarity        102777
  n_jw                  90892
  a_dig_jacc            83745
  n_len_ratio           77473

total 984s
=== SCORE VAL ===
model: E:\ml hackathon\student_resource\work\matcher_lgb.txt (1013 trees)
calibration: E:\ml hackathon\student_resource\work\matcher_calib.pkl
entities: 39999   true pairs: 138584
  1500/39999  25s (eta 643s)
  9000/39999  148s (eta 510s)
  16500/39999  270s (eta 384s)
  24000/39999  393s (eta 262s)
  31500/39999  516s (eta 139s)
  39000/39999  638s (eta 16s)
saved work/val_scored_w3.npz : 9433037 pairs, blocking recall 0.9448, 655s
DAY3_MODEL_READY
