rule: tau=0.86 delta=0.08 tau2=0.00 tau_single=0.00 kmax=12
building name-token df table ...
  1500/20000  25s
  9000/20000  148s
  16500/20000  269s

predicted pairs: tp=60894 fp=1121   micro precision 0.9819

=== FALSE-MERGE PATTERNS (1121 total) ===
  sibling_of_a_true_match                    501   44.7%
  generic_name                               278   24.8%
  empty_address_name_only                    167   14.9%
  other                                       80    7.1%
  same_address_different_name                 77    6.9%
  name_containment(parent/subsidiary)         10    0.9%
  weak_on_both_fields                          5    0.4%
  legal_form_mismatch                          3    0.3%

=== EXAMPLES ===

--- sibling_of_a_true_match (501) ---
  S1 S1-835204997   'candra bench dpm p c'
     addr 'long island 90 leavit stret me'   (entity has 4 true matches)
  FP S3-75701735    'candra bench dpx p c'
     addr 'maine long island 90 leavit st'
     score=0.999  n_tokset=0.95  a_tokset=0.90
  S1 S1-474409913   'frye santana inc'
     addr '108 tower stret paola ks'   (entity has 4 true matches)
  FP S3-135351570   'frye santana inc'
     addr '19 tower stret paola kansas'
     score=0.959  n_tokset=1.00  a_tokset=0.86
  S1 S1-99624997    'kasi cheney harbor virtus l l c'
     addr '108 pond stret bldg edgewod greater boston academy stoneham ma'   (entity has 3 true matches)
  FP S2-460848499   'kasi cheney harbor virtus lc'
     addr '13 17 pond stret stoneham ma'
     score=0.981  n_tokset=1.00  a_tokset=0.88

--- generic_name (278) ---
  S1 S1-259216366   'perfect black agro private limited'
     addr 'b 606 gurudrishti mahadacomplex four bunglow andheri w mumbai maharashtra'   (entity has 0 true matches)
  FP S3-431669589   'perfectcare com'
     addr '606 mumbai mh'
     score=0.952  n_tokset=0.55  a_tokset=0.87
  S1 S1-818609125   'supreme industries group private limited'
     addr 'kurumpelil ave ind flor dor no s02 vadakevila p o kolam kerala'   (entity has 2 true matches)
  FP S3-609202694   'smt supreme industries group industries private limited'
     addr 'kolam keralam 93 kurumpelil ave kolam ind flor dor no s02 vadakevila p o'
     score=0.981  n_tokset=1.00  a_tokset=0.97
  S1 S1-403382675   'pediatric partners'
     addr '107 37th stret ut ogden city'   (entity has 4 true matches)
  FP S3-139994806   'wexecto'
     addr '107 37th stret ogden city ut'
     score=0.990  n_tokset=0.24  a_tokset=1.00

--- empty_address_name_only (167) ---
  S1 S1-171017113   'mathias montesori schol lc'
     addr '2317 31st stret lorain oh'   (entity has 3 true matches)
  FP S2-425409480   'mathias schol montesori lc'
     addr ''
     score=0.981  n_tokset=1.00  a_tokset=0.00
  S1 S1-702376260   'akshay hospital india limited'
     addr 'plamthotathil puthanvedu kotarakara kolam kerala'   (entity has 2 true matches)
  FP S2-502165765   'akshay hospital india'
     addr ''
     score=0.938  n_tokset=1.00  a_tokset=0.00
  S1 S1-996752638   'vrdhi technical private limited'
     addr '40 b vivekananda rd kolkata calcuta w bengal'   (entity has 2 true matches)
  FP S2-283061878   'vrdhi technical private limited'
     addr ''
     score=0.944  n_tokset=1.00  a_tokset=0.00

--- other (80) ---
  S1 S1-354470254   'indore technologies limited'
     addr '1st flor bldg no vi 303 w veliyathunadu paravur ernakulam kerala'   (entity has 0 true matches)
  FP S2-439933826   'indore technologies pvt ltd'
     addr 'no 3s flor bldg no vi 303 w veliyathunadu paravur kerln'
     score=0.903  n_tokset=1.00  a_tokset=0.91
  S1 S1-352294914   'lawson ace carlyle inc'
     addr 'huron oh unit h 3214 cleveland rd'   (entity has 0 true matches)
  FP S2-87470542    'lawson ace carlyle inc'
     addr '327 cleveland rd huron cdp oh'
     score=0.981  n_tokset=1.00  a_tokset=0.84
  S1 S1-523364029   'sur institute'
     addr 'sy no 168 hafezpet chandanagar flat no 1 devi homes lavendar tirumalagiri hyderabad telangana'   (entity has 0 true matches)
  FP S3-809426459   'sur institute'
     addr 'shop no 1 hyderabad miyapur tg'
     score=0.999  n_tokset=1.00  a_tokset=0.64

--- same_address_different_name (77) ---
  S1 S1-994080826   'rachana co'
     addr '4 b 8 i flor tilak nagar near city x ray clinic new delhi w delhi delhi'   (entity has 3 true matches)
  FP S2-97126663    'reliant co'
     addr 'delhi 4 b 8 i flor tilak nagar near city clinic x ray clinic new delhi'
     score=0.971  n_tokset=0.43  a_tokset=1.00
  S1 S1-994080826   'rachana co'
     addr '4 b 8 i flor tilak nagar near city x ray clinic new delhi w delhi delhi'   (entity has 3 true matches)
  FP S2-677481466   'reliant'
     addr '4 b 8 i flor tilak nagar near city clinic x ray clinic new delhi delhi'
     score=0.944  n_tokset=0.43  a_tokset=1.00
  S1 S1-233022062   'srk international private limited'
     addr 'featherlite vista 1st flor no 08 1st main rd vasanth nagar bangalore karnataka'   (entity has 2 true matches)
  FP S2-491560728   'srk private institute limited'
     addr 'no 5 featherlite vista 1st flor no 08 1st main rd vasanth nagar bangalore karnataka'
     score=0.944  n_tokset=0.53  a_tokset=1.00

--- name_containment(parent/subsidiary) (10) ---
  S1 S1-830911732   'kanha brothers'
     addr '95 1 karaya rd 1st flor1st flor karaya kolkata calcuta w bengal'   (entity has 8 true matches)
  FP S3-590698263   'dr kanha brothers enterprises'
     addr '95 karaya rd 1st flor1st flor karaya kolkata calcuta pshcimbng'
     score=0.990  n_tokset=1.00  a_tokset=0.90
  S1 S1-435659531   'rao pc'
     addr '608 7th stret plainview ar'   (entity has 2 true matches)
  FP S2-931058485   'rao'
     addr '608 hicks stret lonoke ar'
     score=0.971  n_tokset=1.00  a_tokset=0.71
  S1 S1-714781187   'prat s bok store'
     addr '818 cumins stret high point nc'   (entity has 3 true matches)
  FP S3-5507495     'le bok store'
     addr '818 cumins st high point n carolina'
     score=0.996  n_tokset=1.00  a_tokset=0.82

--- weak_on_both_fields (5) ---
  S1 S1-660299380   'new kent county scientific'
     addr '10349 marsha mae dr new kent county va'   (entity has 0 true matches)
  FP S3-321867591   'newkentcounty com'
     addr 'lakeshore dr new kent county virginia'
     score=0.971  n_tokset=0.47  a_tokset=0.69
  S1 S1-596741260   'hurley americas inc'
     addr '101 10th stret pekin il'   (entity has 5 true matches)
  FP S3-601210134   'hurley transport inc'
     addr '101 tenth st pekin ilinois'
     score=0.938  n_tokset=0.65  a_tokset=0.69
  S1 S1-373728068   'taraya solutions private limited'
     addr 'mahesh apts chsl flat no d 402 plot 23a b sec 5 ghansoli navi mumbai mumbai city maharashtra'   (entity has 3 true matches)
  FP S3-279065413   'tarayasolutions com'
     addr 'mh greater mumbai 5'
     score=0.971  n_tokset=0.51  a_tokset=0.59

--- legal_form_mismatch (3) ---
  S1 S1-861488358   '2 star lc'
     addr '570 industrial blvd unit 9101 grenvile tx'   (entity has 2 true matches)
  FP S3-202268832   '2 star corp'
     addr '570 industrial blvd 9101 grenvle texas'
     score=0.981  n_tokset=1.00  a_tokset=0.89
  S1 S1-759511062   'best telecom networks inc'
     addr '217 main stret coperstown ny'   (entity has 3 true matches)
  FP S3-281353451   'co best telecom networks'
     addr '217 main st coperstown new york'
     score=0.981  n_tokset=1.00  a_tokset=0.85
  S1 S1-418224428   'tanitansy martinez harbor works lp'
     addr 'heflin al 1 17'   (entity has 1 true matches)
  FP S3-483632071   'tanitansy martinez harbor works inc'
     addr '1 17 heflin alabama'
     score=0.981  n_tokset=1.00  a_tokset=0.88
